{
    "-profile test_withassembly": {
        "content": [
            {
                "BINSUMMARIES_RRNA": {
                    "gawk": "5.3.0"
                },
                "BINSUMMARIES_TRNA": {
                    "gawk": "5.3.0"
                },
                "BIN_SUMMARY": {
                    "R": "4.4.2",
                    "metator": "2.0.0"
                },
                "CHECKM2_PREDICT": {
                    "checkm2": "1.1.0"
                },
                "COMEBIN_RUNCOMEBIN": {
                    "comebin": "1.0.4"
                },
                "CONTIG2BINTOFASTA": {
                    "seqkit": "2.9.0"
                },
                "COVERM_CONTIG": {
                    "coverm": "0.7.0"
                },
                "COVERM_GENOME": {
                    "coverm": "0.7.0"
                },
                "CSVTK_CONCAT": {
                    "csvtk": "0.31.0"
                },
                "CSVTK_JOIN": {
                    "csvtk": "0.31.0"
                },
                "EXTRACT_CIRCLES": {
                    "seqkit": "2.10.0"
                },
                "FASTXALIGN_MINIMAP2ALIGN": {
                    "minimap2": "2.30-r1287",
                    "samtools": "1.23.1",
                    "slice_fasta.py": "1.0.0"
                },
                "FASTXALIGN_PYFASTXINDEX": {
                    "slice_fasta.py": "1.0.0"
                },
                "GAWK_FASTATOCONTIG2BIN": {
                    "gawk": "5.3.1"
                },
                "GAWK_MAGSCOT_PROCESS_CONTIG2BIN": {
                    "gawk": "5.3.1"
                },
                "GAWK_PROCESS_HMM_TBLOUT": {
                    "gawk": "5.3.1"
                },
                "GAWK_RENAME_BINS": {
                    "gawk": "5.3.1"
                },
                "GENOMAD_ENDTOEND": {
                    "genomad": "1.12.0"
                },
                "GENOME_STATS_ASSEMBLIES": {
                    "csvtk": "0.31.2",
                    "seqkit": "2.9.0"
                },
                "GENOME_STATS_BINS": {
                    "csvtk": "0.31.2",
                    "seqkit": "2.9.0"
                },
                "GTDBTK_CLASSIFYWF": {
                    "gtdb_db": "r226",
                    "gtdbtk": "2.6.1"
                },
                "GTDBTK_GTDBTONCBIMAJORITYVOTE": {
                    "gtdb_to_ncbi_majority_vote.py": "0.2.1"
                },
                "GUNZIP": {
                    "gunzip": 1.13
                },
                "HMMER_HMMSEARCH": {
                    "hmmer": 3.4
                },
                "INFERNAL_CMSEARCH": {
                    "gzip": 1.12,
                    "infernal": "1.1.5"
                },
                "MAGSCOT_MAGSCOT": {
                    "magscot": 1.1
                },
                "METABAT2_METABAT2": {
                    "metabat2": 2.17
                },
                "MINIMAP2_INDEX": {
                    "minimap2": "2.30-r1287"
                },
                "PYRODIGAL": {
                    "pyrodigal": "3.6.3"
                },
                "SAMTOOLS_FAIDX": {
                    "samtools": "1.23.1"
                },
                "SAMTOOLS_MERGE": {
                    "samtools": "1.23.1"
                },
                "TRNASCANSE": {
                    "tRNAscan-SE": "2.0.12"
                },
                "Workflow": {
                    "sanger-tol/metagenomeassembly": "v1.5.0dev"
                }
            },
            [
                "",
                "annotation",
                "annotation/xyTesTing1_metamdbg.faa.gz",
                "annotation/xyTesTing1_metamdbg.fna.gz",
                "annotation/xyTesTing1_metamdbg.gff.gz",
                "annotation/xyTesTing1_metamdbg.score.gz",
                "mapping",
                "mapping/xyTesTing1_metamdbg.pacbio.bam",
                "qc",
                "qc/xyTesTing1_metamdbg.contigs_plasmid_summary.tsv",
                "qc/xyTesTing1_metamdbg.contigs_virus_summary.tsv",
                "qc/xyTesTing1_metamdbg.stats.tsv"
            ],
            [
                "contig2bin/xyTesTing1_metamdbg_comebin_contig2bin.tsv",
                "contig2bin/xyTesTing1_metamdbg_magscot_contig2bin.tsv",
                "contig2bin/xyTesTing1_metamdbg_metabat2_contig2bin.tsv",
                "log/comebin/xyTesTing1_metamdbg_comebin/comebin.log",
                "log/comebin/xyTesTing1_metamdbg_comebin/comebin_res.tsv",
                "log/comebin/xyTesTing1_metamdbg_comebin/covembeddings.tsv",
                "log/comebin/xyTesTing1_metamdbg_comebin/embeddings.tsv",
                "log/magscot/xyTesTing1_metamdbg_magscot.MAGScoT.refined.contig_to_bin.out",
                "log/magscot/xyTesTing1_metamdbg_magscot.MAGScoT.refined.out",
                "log/magscot/xyTesTing1_metamdbg_magscot.MAGScoT.scores.out",
                "log/metabat2/xyTesTing1_metamdbg_metabat2.tsv.gz",
                "qc/xyTesTing1_checkm2_report.tsv",
                "qc/xyTesTing1_metamdbg.comebin.minimap2.hifi.cov.stats.depth.tsv",
                "qc/xyTesTing1_metamdbg.magscot.minimap2.hifi.cov.stats.depth.tsv",
                "qc/xyTesTing1_metamdbg.metabat2.minimap2.hifi.cov.stats.depth.tsv",
                "qc/xyTesTing1_metamdbg_comebin.rrna_summary.tsv",
                "qc/xyTesTing1_metamdbg_comebin.stats.tsv",
                "qc/xyTesTing1_metamdbg_comebin.trna_summary.tsv",
                "qc/xyTesTing1_metamdbg_magscot.rrna_summary.tsv",
                "qc/xyTesTing1_metamdbg_magscot.stats.tsv",
                "qc/xyTesTing1_metamdbg_magscot.trna_summary.tsv",
                "qc/xyTesTing1_metamdbg_metabat2.rrna_summary.tsv",
                "qc/xyTesTing1_metamdbg_metabat2.stats.tsv",
                "qc/xyTesTing1_metamdbg_metabat2.trna_summary.tsv",
                "taxonomy/gtdbtk/align/xyTesTing1.bac120.filtered.tsv",
                "taxonomy/gtdbtk/align/xyTesTing1.bac120.msa.fasta.gz",
                "taxonomy/gtdbtk/align/xyTesTing1.bac120.user_msa.fasta.gz",
                "taxonomy/gtdbtk/classify/xyTesTing1.bac120.classify.tree",
                "taxonomy/gtdbtk/classify/xyTesTing1.bac120.summary.tsv",
                "taxonomy/gtdbtk/gtdbtk.json",
                "taxonomy/gtdbtk/identify/xyTesTing1.ar53.markers_summary.tsv",
                "taxonomy/gtdbtk/identify/xyTesTing1.bac120.markers_summary.tsv",
                "taxonomy/gtdbtk/identify/xyTesTing1.failed_genomes.tsv",
                "taxonomy/gtdbtk/identify/xyTesTing1.translation_table_summary.tsv",
                "taxonomy/gtdbtk/xyTesTing1.bac120.summary.tsv",
                "taxonomy/gtdbtk/xyTesTing1.log",
                "taxonomy/gtdbtk/xyTesTing1.warnings.log",
                "taxonomy/xyTesTing1.gtdb_summary.csv",
                "xyTesTing1.bin_summary.tsv",
                "xyTesTing1.group_summary.tsv"
            ]
        ],
        "timestamp": "2026-05-05T13:12:10.340879022",
        "meta": {
            "nf-test": "0.9.5",
            "nextflow": "25.10.4"
        }
    }
}
